[filter] tp_ret<min_tp_net => weight=0 | min_tp_net=0.002600 | weight_sum 805298.00->805298.00 | kept=41.22%

=== FOLD 0 ===
train: 2021-01-31 00:00:00+00:00 -> 2021-08-29 00:00:00+00:00
val  : 2021-08-29 00:00:00+00:00 -> 2021-09-28 00:00:00+00:00
test : 2021-09-28 00:00:00+00:00 -> 2021-10-28 00:00:00+00:00
/Users/oscarr/Desarrollo/Python0/DeepLScalp/DeepLScalp/.venv/lib/python3.12/site-packages/torch/nn/modules/transformer.py:286: UserWarning: enable_nested_tensor is True, but self.use_nested_tensor is False because encoder_layer.norm_first was True
  warnings.warn(f"enable_nested_tensor is True, but self.use_nested_tensor is False because {why_not_sparsity_fast_path}")
[RESUME] fold=0 desde epoch 10 (best_val=0.7486032532020048, bad=4)
[fold 0] ep 10 loss train=0.772140 val=0.806058
[fold 0] early stop.
[q50 val] p50/p90/p97: [-0.01531773 -0.01519991 -0.01515578]
[y val] p50/p90/p97: [-0.00565409  0.00345006  0.00636312]
[I 2025-12-29 20:27:02,458] A new study created in memory with name: no-name-a597f30f-fef8-4e30-bae5-4767d9b56523
[optuna] n_trades=0 -> met={'n_trades': 0, 'profit_factor': 0.0, 'max_drawdown': 1.0, 'winrate': 0.0} | params={'enter_q50_min': -0.015211223088991858, 'enter_q10_min': -0.048198432296536024, 'enter_tp_sl_ratio': 1.2213472611890277, 'exit_q50_below': -0.015493948951438985, 'exit_p_sl_max': 0.3207950294017792, 'cooldown_bars': 2, 'ood_thr': 34.86790148438721}
[I 2025-12-29 20:27:03,504] Trial 0 finished with value: -1000.0 and parameters: {'enter_q50_pct': 0.8706719093101579, 'enter_q10_pct': 0.6371504637244203, 'ood_pct': 0.935460007585625, 'exit_q50_pct': 0.3641400771079446, 'exit_p_sl_pct': 0.8920052215402319, 'enter_tp_sl_ratio': 1.2213472611890277, 'cooldown_bars': 2}. Best is trial 0 with value: -1000.0.
[optuna] n_trades=0 -> met={'n_trades': 0, 'profit_factor': 0.0, 'max_drawdown': 1.0, 'winrate': 0.0} | params={'enter_q50_min': -0.015211384416003098, 'enter_q10_min': -0.0485841246608502, 'enter_tp_sl_ratio': 3.149275068101867, 'exit_q50_below': -0.015320238547795819, 'exit_p_sl_max': 0.3207527697086334, 'cooldown_bars': 0, 'ood_thr': 29.58035430847074}
[I 2025-12-29 20:27:04,459] Trial 1 finished with value: -1000.0 and parameters: {'enter_q50_pct': 0.8704195301607152, 'enter_q10_pct': 0.40309909119443066, 'ood_pct': 0.8120133649803533, 'exit_q50_pct': 0.4948554984314073, 'exit_p_sl_pct': 0.7931637475757618, 'enter_tp_sl_ratio': 3.149275068101867, 'cooldown_bars': 0}. Best is trial 0 with value: -1000.0.
[optuna] n_trades=0 -> met={'n_trades': 0, 'profit_factor': 0.0, 'max_drawdown': 1.0, 'winrate': 0.0} | params={'enter_q50_min': -0.015197001981441742, 'enter_q10_min': -0.04822317354107407, 'enter_tp_sl_ratio': 1.4847700916787763, 'exit_q50_below': -0.015302660631165697, 'exit_p_sl_max': 0.32070069620022446, 'cooldown_bars': 0, 'ood_thr': 34.548008804219435}
[I 2025-12-29 20:27:05,407] Trial 2 finished with value: -1000.0 and parameters: {'enter_q50_pct': 0.9070505832068614, 'enter_q10_pct': 0.5954428454925129, 'ood_pct': 0.9249142763922582, 'exit_q50_pct': 0.5395476034511429, 'exit_p_sl_pct': 0.6599492955356092, 'enter_tp_sl_ratio': 1.4847700916787763, 'cooldown_bars': 0}. Best is trial 0 with value: -1000.0.
[optuna] n_trades=0 -> met={'n_trades': 0, 'profit_factor': 0.0, 'max_drawdown': 1.0, 'winrate': 0.0} | params={'enter_q50_min': -0.015193160919366587, 'enter_q10_min': -0.04892723931170197, 'enter_tp_sl_ratio': 3.2322556437566345, 'exit_q50_below': -0.015538971555400996, 'exit_p_sl_max': 0.3206943675814732, 'cooldown_bars': 1, 'ood_thr': 30.45526084921691}
[I 2025-12-29 20:27:06,344] Trial 3 finished with value: -1000.0 and parameters: {'enter_q50_pct': 0.9157038018571656, 'enter_q10_pct': 0.38878215909467323, 'ood_pct': 0.8214675638193857, 'exit_q50_pct': 0.24565575967286296, 'exit_p_sl_pct': 0.6299656526732837, 'enter_tp_sl_ratio': 3.2322556437566345, 'cooldown_bars': 1}. Best is trial 0 with value: -1000.0.
[optuna] n_trades=0 -> met={'n_trades': 0, 'profit_factor': 0.0, 'max_drawdown': 1.0, 'winrate': 0.0} | params={'enter_q50_min': -0.015198608269209213, 'enter_q10_min': -0.04901569227598624, 'enter_tp_sl_ratio': 1.999205927639649, 'exit_q50_below': -0.015507550265653638, 'exit_p_sl_max': 0.32079049944877625, 'cooldown_bars': 1, 'ood_thr': 34.01044270049416}
[I 2025-12-29 20:27:07,281] Trial 4 finished with value: -1000.0 and parameters: {'enter_q50_pct': 0.9032607725272637, 'enter_q10_pct': 0.37505919114597586, 'ood_pct': 0.9007924761696194, 'exit_q50_pct': 0.34155626406743644, 'exit_p_sl_pct': 0.8773191721367406, 'enter_tp_sl_ratio': 1.999205927639649, 'cooldown_bars': 1}. Best is trial 0 with value: -1000.0.
[optuna] n_trades=0 -> met={'n_trades': 0, 'profit_factor': 0.0, 'max_drawdown': 1.0, 'winrate': 0.0} | params={'enter_q50_min': -0.015202671376610506, 'enter_q10_min': -0.048214443027973175, 'enter_tp_sl_ratio': 3.4330412526557312, 'exit_q50_below': -0.015516596922354305, 'exit_p_sl_max': 0.32071566153608544, 'cooldown_bars': 0, 'ood_thr': 29.079501873508903}
[I 2025-12-29 20:27:08,220] Trial 5 finished with value: -1000.0 and parameters: {'enter_q50_pct': 0.8933356612173117, 'enter_q10_pct': 0.6109408804318288, 'ood_pct': 0.8061987086110334, 'exit_q50_pct': 0.3189815018486083, 'exit_p_sl_pct': 0.7114188524613619, 'enter_tp_sl_ratio': 3.4330412526557312, 'cooldown_bars': 0}. Best is trial 0 with value: -1000.0.
[optuna] n_trades=0 -> met={'n_trades': 0, 'profit_factor': 0.0, 'max_drawdown': 1.0, 'winrate': 0.0} | params={'enter_q50_min': -0.015215332869044907, 'enter_q10_min': -0.04827780712425905, 'enter_tp_sl_ratio': 2.4498013765698783, 'exit_q50_below': -0.01556104643940721, 'exit_p_sl_max': 0.32077497243881226, 'cooldown_bars': 2, 'ood_thr': 31.65553606076437}
[I 2025-12-29 20:27:09,164] Trial 6 finished with value: -1000.0 and parameters: {'enter_q50_pct': 0.859134307083809, 'enter_q10_pct': 0.5193059410818534, 'ood_pct': 0.8439889494455205, 'exit_q50_pct': 0.15915551197596647, 'exit_p_sl_pct': 0.834580605532905, 'enter_tp_sl_ratio': 2.4498013765698783, 'cooldown_bars': 2}. Best is trial 0 with value: -1000.0.
[optuna] n_trades=0 -> met={'n_trades': 0, 'profit_factor': 0.0, 'max_drawdown': 1.0, 'winrate': 0.0} | params={'enter_q50_min': -0.015167596448908062, 'enter_q10_min': -0.048275514942442026, 'enter_tp_sl_ratio': 2.145999141559372, 'exit_q50_below': -0.015378311965537787, 'exit_p_sl_max': 0.3208023011684418, 'cooldown_bars': 1, 'ood_thr': 31.007655302550184}
[I 2025-12-29 20:27:10,098] Trial 7 finished with value: -1000.0 and parameters: {'enter_q50_pct': 0.9571376137920521, 'enter_q10_pct': 0.5215701390679724, 'ood_pct': 0.8303422888269179, 'exit_q50_pct': 0.42108626204970623, 'exit_p_sl_pct': 0.9124936581550884, 'enter_tp_sl_ratio': 2.145999141559372, 'cooldown_bars': 1}. Best is trial 0 with value: -1000.0.
[optuna] n_trades=0 -> met={'n_trades': 0, 'profit_factor': 0.0, 'max_drawdown': 1.0, 'winrate': 0.0} | params={'enter_q50_min': -0.01519194059073925, 'enter_q10_min': -0.048280995229079235, 'enter_tp_sl_ratio': 3.484941474424542, 'exit_q50_below': -0.015554966190739858, 'exit_p_sl_max': 0.32073625922203064, 'cooldown_bars': 1, 'ood_thr': 31.116679148428112}
[I 2025-12-29 20:27:11,042] Trial 8 finished with value: -1000.0 and parameters: {'enter_q50_pct': 0.9184609372524499, 'enter_q10_pct': 0.5156159289770655, 'ood_pct': 0.8328107670597665, 'exit_q50_pct': 0.1849069081365715, 'exit_p_sl_pct': 0.7627366675604589, 'enter_tp_sl_ratio': 3.484941474424542, 'cooldown_bars': 1}. Best is trial 0 with value: -1000.0.
[optuna] n_trades=0 -> met={'n_trades': 0, 'profit_factor': 0.0, 'max_drawdown': 1.0, 'winrate': 0.0} | params={'enter_q50_min': -0.015230825469852279, 'enter_q10_min': -0.048302456895961424, 'enter_tp_sl_ratio': 2.958247477621719, 'exit_q50_below': -0.015362745153323006, 'exit_p_sl_max': 0.320815771818161, 'cooldown_bars': 1, 'ood_thr': 29.69551432095148}
[I 2025-12-29 20:27:11,982] Trial 9 finished with value: -1000.0 and parameters: {'enter_q50_pct': 0.8109373827994457, 'enter_q10_pct': 0.4928378398691159, 'ood_pct': 0.812728496835613, 'exit_q50_pct': 0.4319032891521959, 'exit_p_sl_pct': 0.9450089322272707, 'enter_tp_sl_ratio': 2.958247477621719, 'cooldown_bars': 1}. Best is trial 0 with value: -1000.0.
[optuna] n_trades=0 -> met={'n_trades': 0, 'profit_factor': 0.0, 'max_drawdown': 1.0, 'winrate': 0.0} | params={'enter_q50_min': -0.015225689615925762, 'enter_q10_min': -0.048163822482002835, 'enter_tp_sl_ratio': 1.166576033751362, 'exit_q50_below': -0.01553159463205977, 'exit_p_sl_max': 0.32083577950650705, 'cooldown_bars': 2, 'ood_thr': 36.81063381543629}
[I 2025-12-29 20:27:12,949] Trial 10 finished with value: -1000.0 and parameters: {'enter_q50_pct': 0.8273957223585332, 'enter_q10_pct': 0.6948196099737641, 'ood_pct': 0.9758274111176904, 'exit_q50_pct': 0.2723957872801819, 'exit_p_sl_pct': 0.9793233418696364, 'enter_tp_sl_ratio': 1.166576033751362, 'cooldown_bars': 2}. Best is trial 0 with value: -1000.0.
[optuna] n_trades=0 -> met={'n_trades': 0, 'profit_factor': 0.0, 'max_drawdown': 1.0, 'winrate': 0.0} | params={'enter_q50_min': -0.015214932161335524, 'enter_q10_min': -0.048375703517697155, 'enter_tp_sl_ratio': 2.714906050437377, 'exit_q50_below': -0.015299894021229674, 'exit_p_sl_max': 0.3207576870918274, 'cooldown_bars': 0, 'ood_thr': 35.29176692353461}
[I 2025-12-29 20:27:13,905] Trial 11 finished with value: -1000.0 and parameters: {'enter_q50_pct': 0.8603838415462474, 'enter_q10_pct': 0.4398758445964629, 'ood_pct': 0.9468312374857195, 'exit_q50_pct': 0.5480945263797083, 'exit_p_sl_pct': 0.8012949489522445, 'enter_tp_sl_ratio': 2.714906050437377, 'cooldown_bars': 0}. Best is trial 0 with value: -1000.0.
[optuna] n_trades=0 -> met={'n_trades': 0, 'profit_factor': 0.0, 'max_drawdown': 1.0, 'winrate': 0.0} | params={'enter_q50_min': -0.015215962021791334, 'enter_q10_min': -0.048216589318545215, 'enter_tp_sl_ratio': 1.666592285433798, 'exit_q50_below': -0.015346848213557735, 'exit_p_sl_max': 0.3207865357398987, 'cooldown_bars': 2, 'ood_thr': 33.90348558194197}
[I 2025-12-29 20:27:14,861] Trial 12 finished with value: -1000.0 and parameters: {'enter_q50_pct': 0.8568853104602774, 'enter_q10_pct': 0.6076775505567594, 'ood_pct': 0.8967254505390093, 'exit_q50_pct': 0.44859532781145384, 'exit_p_sl_pct': 0.8662784141881541, 'enter_tp_sl_ratio': 1.666592285433798, 'cooldown_bars': 2}. Best is trial 0 with value: -1000.0.
[optuna] n_trades=1185 pf=0.330 mdd=0.966 wr=0.361 score=-1.141 shortfall=0
[I 2025-12-29 20:27:15,883] Trial 13 finished with value: -1.140898969804493 and parameters: {'enter_q50_pct': 0.8738092945097061, 'enter_q10_pct': 0.6875159930414866, 'ood_pct': 0.8686730821735562, 'exit_q50_pct': 0.4680524263952544, 'exit_p_sl_pct': 0.7582039002421314, 'enter_tp_sl_ratio': 1.0287640266977185, 'cooldown_bars': 0}. Best is trial 13 with value: -1.140898969804493.
[optuna] n_trades=1072 pf=0.346 mdd=0.948 wr=0.367 score=-1.097 shortfall=0
[I 2025-12-29 20:27:16,829] Trial 14 finished with value: -1.0966152730606415 and parameters: {'enter_q50_pct': 0.830553589622698, 'enter_q10_pct': 0.6852281602298466, 'ood_pct': 0.8675678355475097, 'exit_q50_pct': 0.3898280876109338, 'exit_p_sl_pct': 0.732231255016244, 'enter_tp_sl_ratio': 1.026551168952714, 'cooldown_bars': 2}. Best is trial 14 with value: -1.0966152730606415.
[optuna] n_trades=1065 pf=0.342 mdd=0.948 wr=0.362 score=-1.101 shortfall=0
[I 2025-12-29 20:27:17,845] Trial 15 finished with value: -1.1011482084902267 and parameters: {'enter_q50_pct': 0.8273664784225886, 'enter_q10_pct': 0.6978292837012857, 'ood_pct': 0.8628584164198028, 'exit_q50_pct': 0.38965044494748224, 'exit_p_sl_pct': 0.7266008334337847, 'enter_tp_sl_ratio': 1.03809981114873, 'cooldown_bars': 2}. Best is trial 14 with value: -1.0966152730606415.
[optuna] n_trades=0 -> met={'n_trades': 0, 'profit_factor': 0.0, 'max_drawdown': 1.0, 'winrate': 0.0} | params={'enter_q50_min': -0.015224827453494072, 'enter_q10_min': -0.04819093644618988, 'enter_tp_sl_ratio': 1.7352583009970302, 'exit_q50_below': -0.015472135857120366, 'exit_p_sl_max': 0.32070663571357727, 'cooldown_bars': 2, 'ood_thr': 32.678626308859364}
[I 2025-12-29 20:27:18,934] Trial 16 finished with value: -1000.0 and parameters: {'enter_q50_pct': 0.8305172060437204, 'enter_q10_pct': 0.6503234938534114, 'ood_pct': 0.8600570868396411, 'exit_q50_pct': 0.3852864776572422, 'exit_p_sl_pct': 0.6822732806392221, 'enter_tp_sl_ratio': 1.7352583009970302, 'cooldown_bars': 2}. Best is trial 14 with value: -1.0966152730606415.
[optuna] n_trades=0 -> met={'n_trades': 0, 'profit_factor': 0.0, 'max_drawdown': 1.0, 'winrate': 0.0} | params={'enter_q50_min': -0.015231168542130772, 'enter_q10_min': -0.04824448969186064, 'enter_tp_sl_ratio': 1.3803094575718344, 'exit_q50_below': -0.015525643277737372, 'exit_p_sl_max': 0.32071903347969055, 'cooldown_bars': 2, 'ood_thr': 33.03139541357769}
[I 2025-12-29 20:27:19,882] Trial 17 finished with value: -1000.0 and parameters: {'enter_q50_pct': 0.8095467204820882, 'enter_q10_pct': 0.565068788776411, 'ood_pct': 0.8680272508803817, 'exit_q50_pct': 0.2926807621051894, 'exit_p_sl_pct': 0.7225369825825072, 'enter_tp_sl_ratio': 1.3803094575718344, 'cooldown_bars': 2}. Best is trial 14 with value: -1.0966152730606415.
[optuna] n_trades=0 -> met={'n_trades': 0, 'profit_factor': 0.0, 'max_drawdown': 1.0, 'winrate': 0.0} | params={'enter_q50_min': -0.015224694686192948, 'enter_q10_min': -0.0481814444065094, 'enter_tp_sl_ratio': 1.8092785297269338, 'exit_q50_below': -0.015458319886890736, 'exit_p_sl_max': 0.32069109712674937, 'cooldown_bars': 2, 'ood_thr': 33.481439653163854}
[I 2025-12-29 20:27:20,845] Trial 18 finished with value: -1000.0 and parameters: {'enter_q50_pct': 0.8308779243297275, 'enter_q10_pct': 0.6663785794709726, 'ood_pct': 0.8815178325997014, 'exit_q50_pct': 0.3925520889294597, 'exit_p_sl_pct': 0.6146812140968114, 'enter_tp_sl_ratio': 1.8092785297269338, 'cooldown_bars': 2}. Best is trial 14 with value: -1.0966152730606415.
[optuna] n_trades=1347 pf=0.349 mdd=0.973 wr=0.370 score=-1.130 shortfall=0
[I 2025-12-29 20:27:21,710] Trial 19 finished with value: -1.1301530698531046 and parameters: {'enter_q50_pct': 0.8041632521054324, 'enter_q10_pct': 0.5625618839417054, 'ood_pct': 0.8519968326051051, 'exit_q50_pct': 0.22933820966909796, 'exit_p_sl_pct': 0.7318837415776132, 'enter_tp_sl_ratio': 1.0108209278048963, 'cooldown_bars': 2}. Best is trial 14 with value: -1.0966152730606415.
[optuna] n_trades=0 -> met={'n_trades': 0, 'profit_factor': 0.0, 'max_drawdown': 1.0, 'winrate': 0.0} | params={'enter_q50_min': -0.015220940759808612, 'enter_q10_min': -0.04816135388701289, 'enter_tp_sl_ratio': 2.409699608615687, 'exit_q50_below': -0.015319182317301991, 'exit_p_sl_max': 0.32069969177246094, 'cooldown_bars': 1, 'ood_thr': 34.30933486658047}
[I 2025-12-29 20:27:22,659] Trial 20 finished with value: -1000.0 and parameters: {'enter_q50_pct': 0.8421300907350701, 'enter_q10_pct': 0.6992787179044926, 'ood_pct': 0.9139077388467671, 'exit_q50_pct': 0.4965336114267958, 'exit_p_sl_pct': 0.65502966773426, 'enter_tp_sl_ratio': 2.409699608615687, 'cooldown_bars': 1}. Best is trial 14 with value: -1.0966152730606415.
[optuna] n_trades=1325 pf=0.355 mdd=0.970 wr=0.374 score=-1.120 shortfall=0
[I 2025-12-29 20:27:23,525] Trial 21 finished with value: -1.119521711532419 and parameters: {'enter_q50_pct': 0.8102962567139451, 'enter_q10_pct': 0.5650249250173485, 'ood_pct': 0.849496871880758, 'exit_q50_pct': 0.21631198160079912, 'exit_p_sl_pct': 0.7268504908015057, 'enter_tp_sl_ratio': 1.0234998014389856, 'cooldown_bars': 2}. Best is trial 14 with value: -1.0966152730606415.
[optuna] n_trades=0 -> met={'n_trades': 0, 'profit_factor': 0.0, 'max_drawdown': 1.0, 'winrate': 0.0} | params={'enter_q50_min': -0.015228094719258315, 'enter_q10_min': -0.04832810557512913, 'enter_tp_sl_ratio': 1.4196376078831106, 'exit_q50_below': -0.015516681679343076, 'exit_p_sl_max': 0.3207129240036011, 'cooldown_bars': 2, 'ood_thr': 33.49098733406244}
[I 2025-12-29 20:27:24,496] Trial 22 finished with value: -1000.0 and parameters: {'enter_q50_pct': 0.8200248620306594, 'enter_q10_pct': 0.4695290321978216, 'ood_pct': 0.8819427326527218, 'exit_q50_pct': 0.3186612230749174, 'exit_p_sl_pct': 0.7031062435462642, 'enter_tp_sl_ratio': 1.4196376078831106, 'cooldown_bars': 2}. Best is trial 14 with value: -1.0966152730606415.
[optuna] n_trades=0 -> met={'n_trades': 0, 'profit_factor': 0.0, 'max_drawdown': 1.0, 'winrate': 0.0} | params={'enter_q50_min': -0.015220070436369068, 'enter_q10_min': -0.04819939547387816, 'enter_tp_sl_ratio': 1.2620578635177517, 'exit_q50_below': -0.015431556479184191, 'exit_p_sl_max': 0.32073477955342455, 'cooldown_bars': 2, 'ood_thr': 31.617891844485197}
[I 2025-12-29 20:27:25,454] Trial 23 finished with value: -1000.0 and parameters: {'enter_q50_pct': 0.8441380690844723, 'enter_q10_pct': 0.6355722466136978, 'ood_pct': 0.8434288017843531, 'exit_q50_pct': 0.40158573898722577, 'exit_p_sl_pct': 0.7601833107552091, 'enter_tp_sl_ratio': 1.2620578635177517, 'cooldown_bars': 2}. Best is trial 14 with value: -1.0966152730606415.
[optuna] n_trades=0 -> met={'n_trades': 0, 'profit_factor': 0.0, 'max_drawdown': 1.0, 'winrate': 0.0} | params={'enter_q50_min': -0.015221310968180675, 'enter_q10_min': -0.04823870211839676, 'enter_tp_sl_ratio': 1.5259104128287364, 'exit_q50_below': -0.015499785586634555, 'exit_p_sl_max': 0.3207653760910034, 'cooldown_bars': 2, 'ood_thr': 33.184708181092695}
[I 2025-12-29 20:27:26,415] Trial 24 finished with value: -1000.0 and parameters: {'enter_q50_pct': 0.8412392676872643, 'enter_q10_pct': 0.5726509637803319, 'ood_pct': 0.8726205261347404, 'exit_q50_pct': 0.35588456341117536, 'exit_p_sl_pct': 0.8153102325733796, 'enter_tp_sl_ratio': 1.5259104128287364, 'cooldown_bars': 2}. Best is trial 14 with value: -1.0966152730606415.
[optuna] n_trades=1156 pf=0.353 mdd=0.953 wr=0.363 score=-1.097 shortfall=0
[I 2025-12-29 20:27:27,299] Trial 25 finished with value: -1.0972444403933457 and parameters: {'enter_q50_pct': 0.8158371869682151, 'enter_q10_pct': 0.6627115702307937, 'ood_pct': 0.8546131371988264, 'exit_q50_pct': 0.20870170306082464, 'exit_p_sl_pct': 0.6802909114563225, 'enter_tp_sl_ratio': 1.068122692007878, 'cooldown_bars': 2}. Best is trial 14 with value: -1.0966152730606415.
[optuna] n_trades=0 -> met={'n_trades': 0, 'profit_factor': 0.0, 'max_drawdown': 1.0, 'winrate': 0.0} | params={'enter_q50_min': -0.01517862371190614, 'enter_q10_min': -0.04818015071954024, 'enter_tp_sl_ratio': 1.2504884006713282, 'exit_q50_below': -0.015528604414322585, 'exit_p_sl_max': 0.3207044303417206, 'cooldown_bars': 1, 'ood_thr': 34.16951226905233}
[I 2025-12-29 20:27:28,249] Trial 26 finished with value: -1000.0 and parameters: {'enter_q50_pct': 0.9423261881048273, 'enter_q10_pct': 0.6681826233120206, 'ood_pct': 0.9072958897746574, 'exit_q50_pct': 0.2826044973878911, 'exit_p_sl_pct': 0.6739545209784915, 'enter_tp_sl_ratio': 1.2504884006713282, 'cooldown_bars': 1}. Best is trial 14 with value: -1.0966152730606415.
[optuna] n_trades=0 -> met={'n_trades': 0, 'profit_factor': 0.0, 'max_drawdown': 1.0, 'winrate': 0.0} | params={'enter_q50_min': -0.015228052345227594, 'enter_q10_min': -0.0481821745634079, 'enter_tp_sl_ratio': 1.5616546039258457, 'exit_q50_below': -0.015513366088271141, 'exit_p_sl_max': 0.32070982456207275, 'cooldown_bars': 2, 'ood_thr': 33.641374336535605}
[I 2025-12-29 20:27:29,202] Trial 27 finished with value: -1000.0 and parameters: {'enter_q50_pct': 0.8201625364324695, 'enter_q10_pct': 0.6649576086826892, 'ood_pct': 0.8868949511232116, 'exit_q50_pct': 0.3278643202098079, 'exit_p_sl_pct': 0.6933059691988859, 'enter_tp_sl_ratio': 1.5616546039258457, 'cooldown_bars': 2}. Best is trial 14 with value: -1.0966152730606415.
[optuna] n_trades=0 -> met={'n_trades': 0, 'profit_factor': 0.0, 'max_drawdown': 1.0, 'winrate': 0.0} | params={'enter_q50_min': -0.015219514684757952, 'enter_q10_min': -0.04820461077308745, 'enter_tp_sl_ratio': 1.900551921208835, 'exit_q50_below': -0.015486819821895596, 'exit_p_sl_max': 0.32069650292396545, 'cooldown_bars': 2, 'ood_thr': 32.64060521445774}
[I 2025-12-29 20:27:30,154] Trial 28 finished with value: -1000.0 and parameters: {'enter_q50_pct': 0.8462153886271723, 'enter_q10_pct': 0.6280274543923067, 'ood_pct': 0.8593123636565343, 'exit_q50_pct': 0.3728146386788809, 'exit_p_sl_pct': 0.6403407930275973, 'enter_tp_sl_ratio': 1.900551921208835, 'cooldown_bars': 2}. Best is trial 14 with value: -1.0966152730606415.
[optuna] n_trades=0 -> met={'n_trades': 0, 'profit_factor': 0.0, 'max_drawdown': 1.0, 'winrate': 0.0} | params={'enter_q50_min': -0.015234045219060981, 'enter_q10_min': -0.04819633338823773, 'enter_tp_sl_ratio': 1.1894270887744565, 'exit_q50_below': -0.015408003389411671, 'exit_p_sl_max': 0.32072943449020386, 'cooldown_bars': 2, 'ood_thr': 31.373622496485428}
[I 2025-12-29 20:27:31,113] Trial 29 finished with value: -1000.0 and parameters: {'enter_q50_pct': 0.8001081384563672, 'enter_q10_pct': 0.6403994537145572, 'ood_pct': 0.8384013509954685, 'exit_q50_pct': 0.40844403841551813, 'exit_p_sl_pct': 0.7478981437993283, 'enter_tp_sl_ratio': 1.1894270887744565, 'cooldown_bars': 2}. Best is trial 14 with value: -1.0966152730606415.
[optuna] n_trades=0 -> met={'n_trades': 0, 'profit_factor': 0.0, 'max_drawdown': 1.0, 'winrate': 0.0} | params={'enter_q50_min': -0.015208664388988593, 'enter_q10_min': -0.04817670813300801, 'enter_tp_sl_ratio': 1.3762711758131538, 'exit_q50_below': -0.015335754927877017, 'exit_p_sl_max': 0.3207474648952484, 'cooldown_bars': 1, 'ood_thr': 35.16485347758363}
[I 2025-12-29 20:27:32,062] Trial 30 finished with value: -1000.0 and parameters: {'enter_q50_pct': 0.87780561884418, 'enter_q10_pct': 0.6738470359557224, 'ood_pct': 0.9428033016726709, 'exit_q50_pct': 0.46402861266330603, 'exit_p_sl_pct': 0.7837392756502735, 'enter_tp_sl_ratio': 1.3762711758131538, 'cooldown_bars': 1}. Best is trial 14 with value: -1.0966152730606415.
[optuna] n_trades=1277 pf=0.359 mdd=0.965 wr=0.375 score=-1.108 shortfall=0
[I 2025-12-29 20:27:32,932] Trial 31 finished with value: -1.1077066940331783 and parameters: {'enter_q50_pct': 0.8139906203861411, 'enter_q10_pct': 0.585002317871388, 'ood_pct': 0.8578175830715606, 'exit_q50_pct': 0.20617831174950482, 'exit_p_sl_pct': 0.7357335599671683, 'enter_tp_sl_ratio': 1.0005363595996144, 'cooldown_bars': 2}. Best is trial 14 with value: -1.0966152730606415.
[optuna] n_trades=0 -> met={'n_trades': 0, 'profit_factor': 0.0, 'max_drawdown': 1.0, 'winrate': 0.0} | params={'enter_q50_min': -0.015227963736017312, 'enter_q10_min': -0.04822738195276559, 'enter_tp_sl_ratio': 1.1753695260769668, 'exit_q50_below': -0.015560888634540929, 'exit_p_sl_max': 0.32074370980262756, 'cooldown_bars': 2, 'ood_thr': 32.54661093184266}
[I 2025-12-29 20:27:33,884] Trial 32 finished with value: -1000.0 and parameters: {'enter_q50_pct': 0.820308926658132, 'enter_q10_pct': 0.588774232176237, 'ood_pct': 0.8581067148274758, 'exit_q50_pct': 0.15977595011804818, 'exit_p_sl_pct': 0.7767617303202781, 'enter_tp_sl_ratio': 1.1753695260769668, 'cooldown_bars': 2}. Best is trial 14 with value: -1.0966152730606415.
[optuna] n_trades=1132 pf=0.350 mdd=0.954 wr=0.370 score=-1.100 shortfall=0
[I 2025-12-29 20:27:34,844] Trial 33 finished with value: -1.0997253379200918 and parameters: {'enter_q50_pct': 0.8348239452170824, 'enter_q10_pct': 0.6247127775459069, 'ood_pct': 0.8744642322398362, 'exit_q50_pct': 0.19833702153676958, 'exit_p_sl_pct': 0.7346200094985637, 'enter_tp_sl_ratio': 1.1016868746375468, 'cooldown_bars': 2}. Best is trial 14 with value: -1.0966152730606415.
[optuna] n_trades=0 -> met={'n_trades': 0, 'profit_factor': 0.0, 'max_drawdown': 1.0, 'winrate': 0.0} | params={'enter_q50_min': -0.015223155233147328, 'enter_q10_min': -0.04820948955264205, 'enter_tp_sl_ratio': 1.254427372827468, 'exit_q50_below': -0.015537603335601752, 'exit_p_sl_max': 0.3207051157951355, 'cooldown_bars': 2, 'ood_thr': 33.3320971145284}
[I 2025-12-29 20:27:35,807] Trial 34 finished with value: -1000.0 and parameters: {'enter_q50_pct': 0.8351842313078143, 'enter_q10_pct': 0.6196245563307969, 'ood_pct': 0.8765291819380164, 'exit_q50_pct': 0.25152393382645966, 'exit_p_sl_pct': 0.676834701800134, 'enter_tp_sl_ratio': 1.254427372827468, 'cooldown_bars': 2}. Best is trial 14 with value: -1.0966152730606415.
[optuna] n_trades=0 -> met={'n_trades': 0, 'profit_factor': 0.0, 'max_drawdown': 1.0, 'winrate': 0.0} | params={'enter_q50_min': -0.015216306631363426, 'enter_q10_min': -0.048187343780505196, 'enter_tp_sl_ratio': 1.6096612008679814, 'exit_q50_below': -0.015552258843973205, 'exit_p_sl_max': 0.3207130432128906, 'cooldown_bars': 2, 'ood_thr': 33.85217842214148}
[I 2025-12-29 20:27:36,760] Trial 35 finished with value: -1000.0 and parameters: {'enter_q50_pct': 0.8555853276430349, 'enter_q10_pct': 0.6556335720885987, 'ood_pct': 0.8949478335686168, 'exit_q50_pct': 0.19534656381577553, 'exit_p_sl_pct': 0.7036155220608699, 'enter_tp_sl_ratio': 1.6096612008679814, 'cooldown_bars': 2}. Best is trial 14 with value: -1.0966152730606415.
[optuna] n_trades=0 -> met={'n_trades': 0, 'profit_factor': 0.0, 'max_drawdown': 1.0, 'winrate': 0.0} | params={'enter_q50_min': -0.015218131387101734, 'enter_q10_min': -0.04817341558207043, 'enter_tp_sl_ratio': 1.3358412566610869, 'exit_q50_below': -0.015500721093107425, 'exit_p_sl_max': 0.3206900954246521, 'cooldown_bars': 2, 'ood_thr': 30.455992170695588}
[I 2025-12-29 20:27:37,716] Trial 36 finished with value: -1000.0 and parameters: {'enter_q50_pct': 0.8501038092271798, 'enter_q10_pct': 0.6788753907622005, 'ood_pct': 0.8214858708659145, 'exit_q50_pct': 0.35404845350717373, 'exit_p_sl_pct': 0.6096990316065528, 'enter_tp_sl_ratio': 1.3358412566610869, 'cooldown_bars': 2}. Best is trial 14 with value: -1.0966152730606415.
[optuna] n_trades=848 pf=0.345 mdd=0.900 wr=0.380 score=-1.023 shortfall=0
[I 2025-12-29 20:27:38,618] Trial 37 finished with value: -1.0232697448200312 and parameters: {'enter_q50_pct': 0.8887115262534995, 'enter_q10_pct': 0.6445980745169619, 'ood_pct': 0.8891404688372923, 'exit_q50_pct': 0.1754323976043587, 'exit_p_sl_pct': 0.8314870343655872, 'enter_tp_sl_ratio': 1.1160548815390523, 'cooldown_bars': 2}. Best is trial 37 with value: -1.0232697448200312.
[optuna] n_trades=984 pf=0.328 mdd=0.940 wr=0.370 score=-1.100 shortfall=0
[I 2025-12-29 20:27:39,572] Trial 38 finished with value: -1.100492903446313 and parameters: {'enter_q50_pct': 0.8894303952968639, 'enter_q10_pct': 0.6040381063430367, 'ood_pct': 0.9166091963440168, 'exit_q50_pct': 0.17648449880635236, 'exit_p_sl_pct': 0.806035213683908, 'enter_tp_sl_ratio': 1.1407236809372294, 'cooldown_bars': 1}. Best is trial 37 with value: -1.0232697448200312.
[optuna] n_trades=0 -> met={'n_trades': 0, 'profit_factor': 0.0, 'max_drawdown': 1.0, 'winrate': 0.0} | params={'enter_q50_min': -0.015197482057918663, 'enter_q10_min': -0.04910320348855311, 'enter_tp_sl_ratio': 2.044620835760961, 'exit_q50_below': -0.015540885095916524, 'exit_p_sl_max': 0.32077476382255554, 'cooldown_bars': 1, 'ood_thr': 34.62871169089797}
[I 2025-12-29 20:27:40,532] Trial 39 finished with value: -1000.0 and parameters: {'enter_q50_pct': 0.9058965651502149, 'enter_q10_pct': 0.3548028803036414, 'ood_pct': 0.9279174792196083, 'exit_q50_pct': 0.23881251359541056, 'exit_p_sl_pct': 0.8339433407557845, 'enter_tp_sl_ratio': 2.044620835760961, 'cooldown_bars': 1}. Best is trial 37 with value: -1.0232697448200312.
Traceback (most recent call last):
  File "<frozen runpy>", line 198, in _run_module_as_main
  File "<frozen runpy>", line 88, in _run_code
  File "/Users/oscarr/Desarrollo/Python0/DeepLScalp/DeepLScalp/evaluation/run_full_pipeline.py", line 912, in <module>
    main()
  File "/Users/oscarr/Desarrollo/Python0/DeepLScalp/DeepLScalp/evaluation/run_full_pipeline.py", line 851, in main
    q = float(best_params.pop("ood_q"))
              ^^^^^^^^^^^^^^^^^^^^^^^^
KeyError: 'ood_q'
